[INFO] [launch]: All log files can be found below /home/mazhar/.ros/log/2026-08-29-00-48-10-912421-mazhar-Predator-PHN16-72-80286
[INFO] [launch]: Default logging verbosity is set to INFO
[INFO] [gz-1]: process started with pid [80289]
[INFO] [parameter_bridge-2]: process started with pid [80290]
[INFO] [create-3]: process started with pid [80291]
[INFO] [parameter_bridge-4]: process started with pid [80292]
[INFO] [mesh_radio-5]: process started with pid [80293]
[INFO] [localizer-6]: process started with pid [80294]
[INFO] [mapper-7]: process started with pid [80295]
[INFO] [swarm-8]: process started with pid [80296]
[INFO] [navigator-9]: process started with pid [80297]
[INFO] [create-10]: process started with pid [80298]
[INFO] [parameter_bridge-11]: process started with pid [80299]
[INFO] [mesh_radio-12]: process started with pid [80300]
[INFO] [localizer-13]: process started with pid [80303]
[INFO] [mapper-14]: process started with pid [80304]
[INFO] [swarm-15]: process started with pid [80305]
[INFO] [navigator-16]: process started with pid [80306]
[INFO] [create-17]: process started with pid [80307]
[INFO] [parameter_bridge-18]: process started with pid [80308]
[INFO] [mesh_radio-19]: process started with pid [80309]
[INFO] [localizer-20]: process started with pid [80310]
[INFO] [mapper-21]: process started with pid [80315]
[INFO] [swarm-22]: process started with pid [80316]
[INFO] [navigator-23]: process started with pid [80317]
[INFO] [radio_channel-24]: process started with pid [80318]
[parameter_bridge-2] [INFO] [1787953691.113332642] [clock_bridge]: Creating GZ->ROS Bridge: [/clock (gz.msgs.Clock) -> /clock (rosgraph_msgs/msg/Clock)] (Lazy 0)
[create-3] [INFO] [1787953691.118911660] [spawn_rover_1]: Requesting list of world names.
[parameter_bridge-4] [INFO] [1787953691.127062919] [rover_1.bridge]: Creating ROS->GZ Bridge: [/model/rover_1/cmd_vel (geometry_msgs/msg/Twist) -> /model/rover_1/cmd_vel (gz.msgs.Twist)] (Lazy 0)
[create-10] [INFO] [1787953691.131998233] [spawn_rover_2]: Requesting list of world names.
[parameter_bridge-4] [INFO] [1787953691.132381492] [rover_1.bridge]: Creating GZ->ROS Bridge: [/model/rover_1/odometry (gz.msgs.Odometry) -> /model/rover_1/odometry (nav_msgs/msg/Odometry)] (Lazy 0)
[parameter_bridge-4] [INFO] [1787953691.136649338] [rover_1.bridge]: Creating GZ->ROS Bridge: [/model/rover_1/scan (gz.msgs.LaserScan) -> /model/rover_1/scan (sensor_msgs/msg/LaserScan)] (Lazy 0)
[create-17] [INFO] [1787953691.145367346] [spawn_rover_3]: Requesting list of world names.
[parameter_bridge-11] [INFO] [1787953691.149058806] [rover_2.bridge]: Creating ROS->GZ Bridge: [/model/rover_2/cmd_vel (geometry_msgs/msg/Twist) -> /model/rover_2/cmd_vel (gz.msgs.Twist)] (Lazy 0)
[parameter_bridge-11] [INFO] [1787953691.152464005] [rover_2.bridge]: Creating GZ->ROS Bridge: [/model/rover_2/odometry (gz.msgs.Odometry) -> /model/rover_2/odometry (nav_msgs/msg/Odometry)] (Lazy 0)
[parameter_bridge-11] [INFO] [1787953691.157156724] [rover_2.bridge]: Creating GZ->ROS Bridge: [/model/rover_2/scan (gz.msgs.LaserScan) -> /model/rover_2/scan (sensor_msgs/msg/LaserScan)] (Lazy 0)
[parameter_bridge-18] [INFO] [1787953691.160109866] [rover_3.bridge]: Creating ROS->GZ Bridge: [/model/rover_3/cmd_vel (geometry_msgs/msg/Twist) -> /model/rover_3/cmd_vel (gz.msgs.Twist)] (Lazy 0)
[parameter_bridge-18] [INFO] [1787953691.164529228] [rover_3.bridge]: Creating GZ->ROS Bridge: [/model/rover_3/odometry (gz.msgs.Odometry) -> /model/rover_3/odometry (nav_msgs/msg/Odometry)] (Lazy 0)
[parameter_bridge-18] [INFO] [1787953691.167407358] [rover_3.bridge]: Creating GZ->ROS Bridge: [/model/rover_3/scan (gz.msgs.LaserScan) -> /model/rover_3/scan (sensor_msgs/msg/LaserScan)] (Lazy 0)
[create-17] [INFO] [1787953691.933277783] [spawn_rover_3]: Entity creation successful.
[create-10] [INFO] [1787953691.933275311] [spawn_rover_2]: Entity creation successful.
[create-3] [INFO] [1787953691.934149458] [spawn_rover_1]: Entity creation successful.
[INFO] [create-10]: process has finished cleanly [pid 80298]
[INFO] [create-3]: process has finished cleanly [pid 80291]
[INFO] [create-17]: process has finished cleanly [pid 80307]
[gz-1] [1;33mWarning [Utils.cc:132][0m [/sdf/model[@name="rover_3"]/link[@name="lidar_link"]/sensor[@name="lidar"]/gz_frame_id:/tmp/meshbots_rover_3.sdf:L47]: XML Element[gz_frame_id], child of element[sensor], not defined in SDF. Copying[gz_frame_id] as children of [sensor].
[gz-1] [1;33mWarning [Utils.cc:132][0m [/sdf/model[@name="rover_2"]/link[@name="lidar_link"]/sensor[@name="lidar"]/gz_frame_id:/tmp/meshbots_rover_2.sdf:L47]: XML Element[gz_frame_id], child of element[sensor], not defined in SDF. Copying[gz_frame_id] as children of [sensor].
[gz-1] [1;33mWarning [Utils.cc:132][0m [/sdf/model[@name="rover_1"]/link[@name="lidar_link"]/sensor[@name="lidar"]/gz_frame_id:/tmp/meshbots_rover_1.sdf:L47]: XML Element[gz_frame_id], child of element[sensor], not defined in SDF. Copying[gz_frame_id] as children of [sensor].
[gz-1] libEGL warning: pci id for fd 65: 10de:2860, driver (null)
[gz-1] 
[gz-1] pci id for fd 67: 10de:2860, driver (null)
[gz-1] pci id for fd 68: 10de:2860, driver (null)
[gz-1] libEGL warning: egl: failed to create dri2 screen
[gz-1] libEGL warning: pci id for fd 65: 10de:2860, driver (null)
[gz-1] 
[gz-1] pci id for fd 67: 10de:2860, driver (null)
[gz-1] pci id for fd 68: 10de:2860, driver (null)
[gz-1] libEGL warning: egl: failed to create dri2 screen
[gz-1] libEGL warning: pci id for fd 65: 10de:2860, driver (null)
[gz-1] 
[parameter_bridge-11] [INFO] [1787953693.971810425] [rover_2.bridge]: Passing message from ROS geometry_msgs/msg/Twist to Gazebo gz.msgs.Twist (showing msg only once per type)
[parameter_bridge-18] [INFO] [1787953693.971889662] [rover_3.bridge]: Passing message from ROS geometry_msgs/msg/Twist to Gazebo gz.msgs.Twist (showing msg only once per type)
[parameter_bridge-4] [INFO] [1787953695.027338637] [rover_1.bridge]: Passing message from ROS geometry_msgs/msg/Twist to Gazebo gz.msgs.Twist (showing msg only once per type)
[swarm-8] [INFO] [1787953733.288300826] [rover_1.swarm]: rover_1: docked on pad 0, delivering…
[swarm-8] [INFO] [1787953736.472785588] [rover_1.swarm]: rover_1: DELIVERED target 0
[swarm-15] [INFO] [1787953768.090614444] [rover_2.swarm]: rover_2: docked on pad 1, delivering…
[swarm-22] [INFO] [1787953769.087381254] [rover_3.swarm]: rover_3: docked on pad 1, delivering…
[swarm-15] [INFO] [1787953771.272845825] [rover_2.swarm]: rover_2: DELIVERED target 1
[swarm-22] [INFO] [1787953816.072615537] [rover_3.swarm]: rover_3: docked on pad 2, delivering…
[swarm-22] [INFO] [1787953819.272983837] [rover_3.swarm]: rover_3: DELIVERED target 2
