[INFO] [launch]: All log files can be found below /home/mazhar/.ros/log/2026-08-29-01-16-29-386479-mazhar-Predator-PHN16-72-86507
[INFO] [launch]: Default logging verbosity is set to INFO
[INFO] [gz-1]: process started with pid [86510]
[INFO] [parameter_bridge-2]: process started with pid [86511]
[INFO] [create-3]: process started with pid [86512]
[INFO] [parameter_bridge-4]: process started with pid [86513]
[INFO] [mesh_radio-5]: process started with pid [86516]
[INFO] [localizer-6]: process started with pid [86517]
[INFO] [mapper-7]: process started with pid [86518]
[INFO] [swarm-8]: process started with pid [86521]
[INFO] [navigator-9]: process started with pid [86522]
[INFO] [create-10]: process started with pid [86523]
[INFO] [parameter_bridge-11]: process started with pid [86524]
[INFO] [mesh_radio-12]: process started with pid [86525]
[INFO] [localizer-13]: process started with pid [86528]
[INFO] [mapper-14]: process started with pid [86529]
[INFO] [swarm-15]: process started with pid [86530]
[INFO] [navigator-16]: process started with pid [86531]
[INFO] [create-17]: process started with pid [86532]
[INFO] [parameter_bridge-18]: process started with pid [86533]
[INFO] [mesh_radio-19]: process started with pid [86534]
[INFO] [localizer-20]: process started with pid [86535]
[INFO] [mapper-21]: process started with pid [86543]
[INFO] [swarm-22]: process started with pid [86545]
[INFO] [navigator-23]: process started with pid [86549]
[INFO] [radio_channel-24]: process started with pid [86550]
[create-3] [INFO] [1787955389.585917733] [spawn_rover_1]: Requesting list of world names.
[parameter_bridge-2] [INFO] [1787955389.592226494] [clock_bridge]: Creating GZ->ROS Bridge: [/clock (gz.msgs.Clock) -> /clock (rosgraph_msgs/msg/Clock)] (Lazy 0)
[create-17] [INFO] [1787955389.610527190] [spawn_rover_3]: Requesting list of world names.
[create-10] [INFO] [1787955389.612606588] [spawn_rover_2]: Requesting list of world names.
[parameter_bridge-4] [INFO] [1787955389.613131261] [rover_1.bridge]: Creating ROS->GZ Bridge: [/model/rover_1/cmd_vel (geometry_msgs/msg/Twist) -> /model/rover_1/cmd_vel (gz.msgs.Twist)] (Lazy 0)
[parameter_bridge-4] [INFO] [1787955389.618999719] [rover_1.bridge]: Creating GZ->ROS Bridge: [/model/rover_1/odometry (gz.msgs.Odometry) -> /model/rover_1/odometry (nav_msgs/msg/Odometry)] (Lazy 0)
[parameter_bridge-4] [INFO] [1787955389.624417292] [rover_1.bridge]: Creating GZ->ROS Bridge: [/model/rover_1/scan (gz.msgs.LaserScan) -> /model/rover_1/scan (sensor_msgs/msg/LaserScan)] (Lazy 0)
[parameter_bridge-11] [INFO] [1787955389.644547055] [rover_2.bridge]: Creating ROS->GZ Bridge: [/model/rover_2/cmd_vel (geometry_msgs/msg/Twist) -> /model/rover_2/cmd_vel (gz.msgs.Twist)] (Lazy 0)
[parameter_bridge-11] [INFO] [1787955389.648462473] [rover_2.bridge]: Creating GZ->ROS Bridge: [/model/rover_2/odometry (gz.msgs.Odometry) -> /model/rover_2/odometry (nav_msgs/msg/Odometry)] (Lazy 0)
[parameter_bridge-11] [INFO] [1787955389.651445891] [rover_2.bridge]: Creating GZ->ROS Bridge: [/model/rover_2/scan (gz.msgs.LaserScan) -> /model/rover_2/scan (sensor_msgs/msg/LaserScan)] (Lazy 0)
[parameter_bridge-18] [INFO] [1787955389.654488091] [rover_3.bridge]: Creating ROS->GZ Bridge: [/model/rover_3/cmd_vel (geometry_msgs/msg/Twist) -> /model/rover_3/cmd_vel (gz.msgs.Twist)] (Lazy 0)
[parameter_bridge-18] [INFO] [1787955389.658649460] [rover_3.bridge]: Creating GZ->ROS Bridge: [/model/rover_3/odometry (gz.msgs.Odometry) -> /model/rover_3/odometry (nav_msgs/msg/Odometry)] (Lazy 0)
[parameter_bridge-18] [INFO] [1787955389.661509804] [rover_3.bridge]: Creating GZ->ROS Bridge: [/model/rover_3/scan (gz.msgs.LaserScan) -> /model/rover_3/scan (sensor_msgs/msg/LaserScan)] (Lazy 0)
[create-10] [INFO] [1787955390.511795127] [spawn_rover_2]: Entity creation successful.
[create-3] [INFO] [1787955390.511847927] [spawn_rover_1]: Entity creation successful.
[create-17] [INFO] [1787955390.512173557] [spawn_rover_3]: Entity creation successful.
[INFO] [create-17]: process has finished cleanly [pid 86532]
[INFO] [create-10]: process has finished cleanly [pid 86523]
[INFO] [create-3]: process has finished cleanly [pid 86512]
[gz-1] [1;33mWarning [Utils.cc:132][0m [/sdf/model[@name="rover_2"]/link[@name="lidar_link"]/sensor[@name="lidar"]/gz_frame_id:/tmp/meshbots_rover_2.sdf:L47]: XML Element[gz_frame_id], child of element[sensor], not defined in SDF. Copying[gz_frame_id] as children of [sensor].
[gz-1] [1;33mWarning [Utils.cc:132][0m [/sdf/model[@name="rover_1"]/link[@name="lidar_link"]/sensor[@name="lidar"]/gz_frame_id:/tmp/meshbots_rover_1.sdf:L47]: XML Element[gz_frame_id], child of element[sensor], not defined in SDF. Copying[gz_frame_id] as children of [sensor].
[gz-1] [1;33mWarning [Utils.cc:132][0m [/sdf/model[@name="rover_3"]/link[@name="lidar_link"]/sensor[@name="lidar"]/gz_frame_id:/tmp/meshbots_rover_3.sdf:L47]: XML Element[gz_frame_id], child of element[sensor], not defined in SDF. Copying[gz_frame_id] as children of [sensor].
[gz-1] libEGL warning: pci id for fd 65: 10de:2860, driver (null)
[gz-1] 
[gz-1] pci id for fd 67: 10de:2860, driver (null)
[gz-1] pci id for fd 68: 10de:2860, driver (null)
[gz-1] libEGL warning: egl: failed to create dri2 screen
[gz-1] libEGL warning: pci id for fd 65: 10de:2860, driver (null)
[gz-1] 
[gz-1] pci id for fd 67: 10de:2860, driver (null)
[gz-1] pci id for fd 68: 10de:2860, driver (null)
[gz-1] libEGL warning: egl: failed to create dri2 screen
[gz-1] libEGL warning: pci id for fd 65: 10de:2860, driver (null)
[gz-1] 
[parameter_bridge-18] [INFO] [1787955392.433609491] [rover_3.bridge]: Passing message from ROS geometry_msgs/msg/Twist to Gazebo gz.msgs.Twist (showing msg only once per type)
[parameter_bridge-11] [INFO] [1787955393.506869655] [rover_2.bridge]: Passing message from ROS geometry_msgs/msg/Twist to Gazebo gz.msgs.Twist (showing msg only once per type)
[parameter_bridge-4] [INFO] [1787955393.577837674] [rover_1.bridge]: Passing message from ROS geometry_msgs/msg/Twist to Gazebo gz.msgs.Twist (showing msg only once per type)
[swarm-8] [INFO] [1787955431.754577430] [rover_1.swarm]: rover_1: docked on pad 0, delivering…
[swarm-8] [INFO] [1787955434.935000508] [rover_1.swarm]: rover_1: DELIVERED target 0
[swarm-22] [INFO] [1787955468.356967997] [rover_3.swarm]: rover_3: docked on pad 1, delivering…
[swarm-22] [INFO] [1787955471.534140534] [rover_3.swarm]: rover_3: DELIVERED target 1
[swarm-15] [INFO] [1787955514.552999576] [rover_2.swarm]: rover_2: docked on pad 2, delivering…
[swarm-15] [INFO] [1787955517.735041030] [rover_2.swarm]: rover_2: DELIVERED target 2
