[INFO] [launch]: All log files can be found below /home/mazhar/.ros/log/2026-08-29-01-54-14-707205-mazhar-Predator-PHN16-72-94827
[INFO] [launch]: Default logging verbosity is set to INFO
[INFO] [gz-1]: process started with pid [94830]
[INFO] [parameter_bridge-2]: process started with pid [94831]
[INFO] [create-3]: process started with pid [94832]
[INFO] [parameter_bridge-4]: process started with pid [94833]
[INFO] [mesh_radio-5]: process started with pid [94838]
[INFO] [localizer-6]: process started with pid [94841]
[INFO] [mapper-7]: process started with pid [94842]
[INFO] [swarm-8]: process started with pid [94843]
[INFO] [navigator-9]: process started with pid [94844]
[INFO] [formation_planner-10]: process started with pid [94845]
[INFO] [create-11]: process started with pid [94846]
[INFO] [parameter_bridge-12]: process started with pid [94847]
[INFO] [mesh_radio-13]: process started with pid [94849]
[INFO] [localizer-14]: process started with pid [94851]
[INFO] [mapper-15]: process started with pid [94852]
[INFO] [swarm-16]: process started with pid [94853]
[INFO] [navigator-17]: process started with pid [94854]
[INFO] [formation_planner-18]: process started with pid [94856]
[INFO] [create-19]: process started with pid [94860]
[INFO] [parameter_bridge-20]: process started with pid [94862]
[INFO] [mesh_radio-21]: process started with pid [94871]
[INFO] [localizer-22]: process started with pid [94876]
[INFO] [mapper-23]: process started with pid [94882]
[INFO] [swarm-24]: process started with pid [94887]
[INFO] [navigator-25]: process started with pid [94889]
[INFO] [formation_planner-26]: process started with pid [94894]
[INFO] [radio_channel-27]: process started with pid [94897]
[create-3] [INFO] [1787957654.888272802] [spawn_rover_1]: Requesting list of world names.
[parameter_bridge-2] [INFO] [1787957654.907166018] [clock_bridge]: Creating GZ->ROS Bridge: [/clock (gz.msgs.Clock) -> /clock (rosgraph_msgs/msg/Clock)] (Lazy 0)
[parameter_bridge-4] [INFO] [1787957654.923270688] [rover_1.bridge]: Creating ROS->GZ Bridge: [/model/rover_1/cmd_vel (geometry_msgs/msg/Twist) -> /model/rover_1/cmd_vel (gz.msgs.Twist)] (Lazy 0)
[parameter_bridge-4] [INFO] [1787957654.932133172] [rover_1.bridge]: Creating GZ->ROS Bridge: [/model/rover_1/odometry (gz.msgs.Odometry) -> /model/rover_1/odometry (nav_msgs/msg/Odometry)] (Lazy 0)
[parameter_bridge-4] [INFO] [1787957654.936357933] [rover_1.bridge]: Creating GZ->ROS Bridge: [/model/rover_1/scan (gz.msgs.LaserScan) -> /model/rover_1/scan (sensor_msgs/msg/LaserScan)] (Lazy 0)
[create-19] [INFO] [1787957654.945976999] [spawn_rover_3]: Requesting list of world names.
[create-11] [INFO] [1787957654.948408072] [spawn_rover_2]: Requesting list of world names.
[parameter_bridge-20] [INFO] [1787957654.954893087] [rover_3.bridge]: Creating ROS->GZ Bridge: [/model/rover_3/cmd_vel (geometry_msgs/msg/Twist) -> /model/rover_3/cmd_vel (gz.msgs.Twist)] (Lazy 0)
[parameter_bridge-20] [INFO] [1787957654.958232128] [rover_3.bridge]: Creating GZ->ROS Bridge: [/model/rover_3/odometry (gz.msgs.Odometry) -> /model/rover_3/odometry (nav_msgs/msg/Odometry)] (Lazy 0)
[parameter_bridge-20] [INFO] [1787957654.962794153] [rover_3.bridge]: Creating GZ->ROS Bridge: [/model/rover_3/scan (gz.msgs.LaserScan) -> /model/rover_3/scan (sensor_msgs/msg/LaserScan)] (Lazy 0)
[parameter_bridge-12] [INFO] [1787957654.980808477] [rover_2.bridge]: Creating ROS->GZ Bridge: [/model/rover_2/cmd_vel (geometry_msgs/msg/Twist) -> /model/rover_2/cmd_vel (gz.msgs.Twist)] (Lazy 0)
[parameter_bridge-12] [INFO] [1787957654.986268522] [rover_2.bridge]: Creating GZ->ROS Bridge: [/model/rover_2/odometry (gz.msgs.Odometry) -> /model/rover_2/odometry (nav_msgs/msg/Odometry)] (Lazy 0)
[parameter_bridge-12] [INFO] [1787957654.991877071] [rover_2.bridge]: Creating GZ->ROS Bridge: [/model/rover_2/scan (gz.msgs.LaserScan) -> /model/rover_2/scan (sensor_msgs/msg/LaserScan)] (Lazy 0)
[create-11] [INFO] [1787957655.692957952] [spawn_rover_2]: Entity creation successful.
[create-3] [INFO] [1787957655.693382673] [spawn_rover_1]: Entity creation successful.
[create-19] [INFO] [1787957655.693814526] [spawn_rover_3]: Entity creation successful.
[INFO] [create-3]: process has finished cleanly [pid 94832]
[INFO] [create-19]: process has finished cleanly [pid 94860]
[INFO] [create-11]: process has finished cleanly [pid 94846]
[gz-1] [1;33mWarning [Utils.cc:132][0m [/sdf/model[@name="rover_1"]/link[@name="lidar_link"]/sensor[@name="lidar"]/gz_frame_id:/tmp/meshbots_rover_1.sdf:L47]: XML Element[gz_frame_id], child of element[sensor], not defined in SDF. Copying[gz_frame_id] as children of [sensor].
[gz-1] [1;33mWarning [Utils.cc:132][0m [/sdf/model[@name="rover_2"]/link[@name="lidar_link"]/sensor[@name="lidar"]/gz_frame_id:/tmp/meshbots_rover_2.sdf:L47]: XML Element[gz_frame_id], child of element[sensor], not defined in SDF. Copying[gz_frame_id] as children of [sensor].
[gz-1] [1;33mWarning [Utils.cc:132][0m [/sdf/model[@name="rover_3"]/link[@name="lidar_link"]/sensor[@name="lidar"]/gz_frame_id:/tmp/meshbots_rover_3.sdf:L47]: XML Element[gz_frame_id], child of element[sensor], not defined in SDF. Copying[gz_frame_id] as children of [sensor].
[gz-1] libEGL warning: pci id for fd 65: 10de:2860, driver (null)
[gz-1] 
[gz-1] pci id for fd 67: 10de:2860, driver (null)
[gz-1] pci id for fd 68: 10de:2860, driver (null)
[gz-1] libEGL warning: egl: failed to create dri2 screen
[gz-1] libEGL warning: pci id for fd 65: 10de:2860, driver (null)
[gz-1] 
[gz-1] pci id for fd 67: 10de:2860, driver (null)
[gz-1] pci id for fd 68: 10de:2860, driver (null)
[gz-1] libEGL warning: egl: failed to create dri2 screen
[gz-1] libEGL warning: pci id for fd 65: 10de:2860, driver (null)
[gz-1] 
[parameter_bridge-12] [INFO] [1787957657.751670682] [rover_2.bridge]: Passing message from ROS geometry_msgs/msg/Twist to Gazebo gz.msgs.Twist (showing msg only once per type)
[parameter_bridge-20] [INFO] [1787957657.751787206] [rover_3.bridge]: Passing message from ROS geometry_msgs/msg/Twist to Gazebo gz.msgs.Twist (showing msg only once per type)
[parameter_bridge-4] [INFO] [1787957657.751944215] [rover_1.bridge]: Passing message from ROS geometry_msgs/msg/Twist to Gazebo gz.msgs.Twist (showing msg only once per type)
[formation_planner-18] [INFO] [1787957669.676298846] [rover_2.formation_planner]: rover_2: SLOT switch (0.0,0.0) -> (-1.4,-1.4) trP=0.080
[formation_planner-18] [INFO] [1787957672.652202062] [rover_2.formation_planner]: rover_2: SLOT gate -> wedge trP=0.072
[swarm-8] [INFO] [1787957697.071959022] [rover_1.swarm]: rover_1: docked on pad 0, delivering…
[swarm-8] [INFO] [1787957700.252188478] [rover_1.swarm]: rover_1: DELIVERED target 0
[swarm-16] [INFO] [1787957739.468218286] [rover_2.swarm]: rover_2: docked on pad 1, delivering…
[swarm-24] [INFO] [1787957739.675184559] [rover_3.swarm]: rover_3: docked on pad 1, delivering…
[swarm-16] [INFO] [1787957742.652736981] [rover_2.swarm]: rover_2: DELIVERED target 1
[swarm-24] [INFO] [1787957787.851997836] [rover_3.swarm]: rover_3: docked on pad 2, delivering…
[swarm-24] [INFO] [1787957791.052648596] [rover_3.swarm]: rover_3: DELIVERED target 2
