[INFO] [launch]: All log files can be found below /home/mazhar/.ros/log/2026-08-29-01-44-48-503564-mazhar-Predator-PHN16-72-93034
[INFO] [launch]: Default logging verbosity is set to INFO
[INFO] [gz-1]: process started with pid [93037]
[INFO] [parameter_bridge-2]: process started with pid [93038]
[INFO] [create-3]: process started with pid [93039]
[INFO] [parameter_bridge-4]: process started with pid [93040]
[INFO] [mesh_radio-5]: process started with pid [93041]
[INFO] [localizer-6]: process started with pid [93042]
[INFO] [mapper-7]: process started with pid [93043]
[INFO] [swarm-8]: process started with pid [93044]
[INFO] [navigator-9]: process started with pid [93045]
[INFO] [formation_planner-10]: process started with pid [93046]
[INFO] [create-11]: process started with pid [93048]
[INFO] [parameter_bridge-12]: process started with pid [93050]
[INFO] [mesh_radio-13]: process started with pid [93051]
[INFO] [localizer-14]: process started with pid [93052]
[INFO] [mapper-15]: process started with pid [93053]
[INFO] [swarm-16]: process started with pid [93054]
[INFO] [navigator-17]: process started with pid [93055]
[INFO] [formation_planner-18]: process started with pid [93056]
[INFO] [create-19]: process started with pid [93057]
[INFO] [parameter_bridge-20]: process started with pid [93058]
[INFO] [mesh_radio-21]: process started with pid [93065]
[INFO] [localizer-22]: process started with pid [93066]
[INFO] [mapper-23]: process started with pid [93067]
[INFO] [swarm-24]: process started with pid [93068]
[INFO] [navigator-25]: process started with pid [93069]
[INFO] [formation_planner-26]: process started with pid [93070]
[INFO] [radio_channel-27]: process started with pid [93074]
[create-11] [INFO] [1787957088.702731251] [spawn_rover_2]: Requesting list of world names.
[create-3] [INFO] [1787957088.713364913] [spawn_rover_1]: Requesting list of world names.
[create-19] [INFO] [1787957088.724324812] [spawn_rover_3]: Requesting list of world names.
[parameter_bridge-20] [INFO] [1787957088.736444618] [rover_3.bridge]: Creating ROS->GZ Bridge: [/model/rover_3/cmd_vel (geometry_msgs/msg/Twist) -> /model/rover_3/cmd_vel (gz.msgs.Twist)] (Lazy 0)
[parameter_bridge-20] [INFO] [1787957088.739712477] [rover_3.bridge]: Creating GZ->ROS Bridge: [/model/rover_3/odometry (gz.msgs.Odometry) -> /model/rover_3/odometry (nav_msgs/msg/Odometry)] (Lazy 0)
[parameter_bridge-20] [INFO] [1787957088.742445083] [rover_3.bridge]: Creating GZ->ROS Bridge: [/model/rover_3/scan (gz.msgs.LaserScan) -> /model/rover_3/scan (sensor_msgs/msg/LaserScan)] (Lazy 0)
[parameter_bridge-4] [INFO] [1787957088.745608444] [rover_1.bridge]: Creating ROS->GZ Bridge: [/model/rover_1/cmd_vel (geometry_msgs/msg/Twist) -> /model/rover_1/cmd_vel (gz.msgs.Twist)] (Lazy 0)
[parameter_bridge-4] [INFO] [1787957088.751311577] [rover_1.bridge]: Creating GZ->ROS Bridge: [/model/rover_1/odometry (gz.msgs.Odometry) -> /model/rover_1/odometry (nav_msgs/msg/Odometry)] (Lazy 0)
[parameter_bridge-2] [INFO] [1787957088.753188772] [clock_bridge]: Creating GZ->ROS Bridge: [/clock (gz.msgs.Clock) -> /clock (rosgraph_msgs/msg/Clock)] (Lazy 0)
[parameter_bridge-4] [INFO] [1787957088.756746240] [rover_1.bridge]: Creating GZ->ROS Bridge: [/model/rover_1/scan (gz.msgs.LaserScan) -> /model/rover_1/scan (sensor_msgs/msg/LaserScan)] (Lazy 0)
[parameter_bridge-12] [INFO] [1787957088.768708832] [rover_2.bridge]: Creating ROS->GZ Bridge: [/model/rover_2/cmd_vel (geometry_msgs/msg/Twist) -> /model/rover_2/cmd_vel (gz.msgs.Twist)] (Lazy 0)
[parameter_bridge-12] [INFO] [1787957088.774502353] [rover_2.bridge]: Creating GZ->ROS Bridge: [/model/rover_2/odometry (gz.msgs.Odometry) -> /model/rover_2/odometry (nav_msgs/msg/Odometry)] (Lazy 0)
[parameter_bridge-12] [INFO] [1787957088.778930654] [rover_2.bridge]: Creating GZ->ROS Bridge: [/model/rover_2/scan (gz.msgs.LaserScan) -> /model/rover_2/scan (sensor_msgs/msg/LaserScan)] (Lazy 0)
[create-3] [INFO] [1787957089.660947605] [spawn_rover_1]: Entity creation successful.
[create-11] [INFO] [1787957089.661238826] [spawn_rover_2]: Entity creation successful.
[create-19] [INFO] [1787957089.661274201] [spawn_rover_3]: Entity creation successful.
[INFO] [create-19]: process has finished cleanly [pid 93057]
[INFO] [create-3]: process has finished cleanly [pid 93039]
[INFO] [create-11]: process has finished cleanly [pid 93048]
[gz-1] [1;33mWarning [Utils.cc:132][0m [/sdf/model[@name="rover_1"]/link[@name="lidar_link"]/sensor[@name="lidar"]/gz_frame_id:/tmp/meshbots_rover_1.sdf:L47]: XML Element[gz_frame_id], child of element[sensor], not defined in SDF. Copying[gz_frame_id] as children of [sensor].
[gz-1] [1;33mWarning [Utils.cc:132][0m [/sdf/model[@name="rover_3"]/link[@name="lidar_link"]/sensor[@name="lidar"]/gz_frame_id:/tmp/meshbots_rover_3.sdf:L47]: XML Element[gz_frame_id], child of element[sensor], not defined in SDF. Copying[gz_frame_id] as children of [sensor].
[gz-1] [1;33mWarning [Utils.cc:132][0m [/sdf/model[@name="rover_2"]/link[@name="lidar_link"]/sensor[@name="lidar"]/gz_frame_id:/tmp/meshbots_rover_2.sdf:L47]: XML Element[gz_frame_id], child of element[sensor], not defined in SDF. Copying[gz_frame_id] as children of [sensor].
[gz-1] libEGL warning: pci id for fd 65: 10de:2860, driver (null)
[gz-1] 
[gz-1] pci id for fd 67: 10de:2860, driver (null)
[gz-1] pci id for fd 68: 10de:2860, driver (null)
[gz-1] libEGL warning: egl: failed to create dri2 screen
[gz-1] libEGL warning: pci id for fd 65: 10de:2860, driver (null)
[gz-1] 
[gz-1] pci id for fd 67: 10de:2860, driver (null)
[gz-1] pci id for fd 68: 10de:2860, driver (null)
[gz-1] libEGL warning: egl: failed to create dri2 screen
[gz-1] libEGL warning: pci id for fd 65: 10de:2860, driver (null)
[gz-1] 
[parameter_bridge-20] [INFO] [1787957091.591293467] [rover_3.bridge]: Passing message from ROS geometry_msgs/msg/Twist to Gazebo gz.msgs.Twist (showing msg only once per type)
[parameter_bridge-4] [INFO] [1787957091.591397565] [rover_1.bridge]: Passing message from ROS geometry_msgs/msg/Twist to Gazebo gz.msgs.Twist (showing msg only once per type)
[parameter_bridge-12] [INFO] [1787957092.983967171] [rover_2.bridge]: Passing message from ROS geometry_msgs/msg/Twist to Gazebo gz.msgs.Twist (showing msg only once per type)
[formation_planner-18] [INFO] [1787957104.516085621] [rover_2.formation_planner]: rover_2: SLOT switch (0.0,0.0) -> (-0.0,-1.0) trP=0.086
[formation_planner-18] [INFO] [1787957107.492042289] [rover_2.formation_planner]: rover_2: SLOT gate -> wedge trP=0.079
[swarm-8] [INFO] [1787957130.713556678] [rover_1.swarm]: rover_1: docked on pad 0, delivering…
[swarm-8] [INFO] [1787957133.892309932] [rover_1.swarm]: rover_1: DELIVERED target 0
[swarm-16] [INFO] [1787957168.514613257] [rover_2.swarm]: rover_2: docked on pad 1, delivering…
[swarm-16] [INFO] [1787957171.692499080] [rover_2.swarm]: rover_2: DELIVERED target 1
[swarm-24] [INFO] [1787957215.514806065] [rover_3.swarm]: rover_3: docked on pad 2, delivering…
[swarm-24] [INFO] [1787957218.692537753] [rover_3.swarm]: rover_3: DELIVERED target 2
