[INFO] [launch]: All log files can be found below /home/mazhar/.ros/log/2026-08-29-01-30-39-203788-mazhar-Predator-PHN16-72-89714
[INFO] [launch]: Default logging verbosity is set to INFO
[INFO] [gz-1]: process started with pid [89717]
[INFO] [parameter_bridge-2]: process started with pid [89718]
[INFO] [create-3]: process started with pid [89719]
[INFO] [parameter_bridge-4]: process started with pid [89720]
[INFO] [mesh_radio-5]: process started with pid [89727]
[INFO] [localizer-6]: process started with pid [89730]
[INFO] [mapper-7]: process started with pid [89731]
[INFO] [swarm-8]: process started with pid [89732]
[INFO] [navigator-9]: process started with pid [89734]
[INFO] [formation_planner-10]: process started with pid [89736]
[INFO] [create-11]: process started with pid [89739]
[INFO] [parameter_bridge-12]: process started with pid [89742]
[INFO] [mesh_radio-13]: process started with pid [89743]
[INFO] [localizer-14]: process started with pid [89745]
[INFO] [mapper-15]: process started with pid [89746]
[INFO] [swarm-16]: process started with pid [89747]
[INFO] [navigator-17]: process started with pid [89748]
[INFO] [formation_planner-18]: process started with pid [89749]
[INFO] [create-19]: process started with pid [89750]
[INFO] [parameter_bridge-20]: process started with pid [89751]
[INFO] [mesh_radio-21]: process started with pid [89772]
[INFO] [localizer-22]: process started with pid [89775]
[INFO] [mapper-23]: process started with pid [89777]
[INFO] [swarm-24]: process started with pid [89778]
[INFO] [navigator-25]: process started with pid [89779]
[INFO] [formation_planner-26]: process started with pid [89780]
[INFO] [radio_channel-27]: process started with pid [89785]
[create-3] [INFO] [1787956239.380675808] [spawn_rover_1]: Requesting list of world names.
[parameter_bridge-4] [INFO] [1787956239.413057755] [rover_1.bridge]: Creating ROS->GZ Bridge: [/model/rover_1/cmd_vel (geometry_msgs/msg/Twist) -> /model/rover_1/cmd_vel (gz.msgs.Twist)] (Lazy 0)
[parameter_bridge-4] [INFO] [1787956239.417605365] [rover_1.bridge]: Creating GZ->ROS Bridge: [/model/rover_1/odometry (gz.msgs.Odometry) -> /model/rover_1/odometry (nav_msgs/msg/Odometry)] (Lazy 0)
[parameter_bridge-2] [INFO] [1787956239.419363392] [clock_bridge]: Creating GZ->ROS Bridge: [/clock (gz.msgs.Clock) -> /clock (rosgraph_msgs/msg/Clock)] (Lazy 0)
[parameter_bridge-4] [INFO] [1787956239.421242232] [rover_1.bridge]: Creating GZ->ROS Bridge: [/model/rover_1/scan (gz.msgs.LaserScan) -> /model/rover_1/scan (sensor_msgs/msg/LaserScan)] (Lazy 0)
[create-11] [INFO] [1787956239.435793087] [spawn_rover_2]: Requesting list of world names.
[create-19] [INFO] [1787956239.441019768] [spawn_rover_3]: Requesting list of world names.
[parameter_bridge-20] [INFO] [1787956239.448464971] [rover_3.bridge]: Creating ROS->GZ Bridge: [/model/rover_3/cmd_vel (geometry_msgs/msg/Twist) -> /model/rover_3/cmd_vel (gz.msgs.Twist)] (Lazy 0)
[parameter_bridge-20] [INFO] [1787956239.451544894] [rover_3.bridge]: Creating GZ->ROS Bridge: [/model/rover_3/odometry (gz.msgs.Odometry) -> /model/rover_3/odometry (nav_msgs/msg/Odometry)] (Lazy 0)
[parameter_bridge-20] [INFO] [1787956239.454067427] [rover_3.bridge]: Creating GZ->ROS Bridge: [/model/rover_3/scan (gz.msgs.LaserScan) -> /model/rover_3/scan (sensor_msgs/msg/LaserScan)] (Lazy 0)
[parameter_bridge-12] [INFO] [1787956239.460106948] [rover_2.bridge]: Creating ROS->GZ Bridge: [/model/rover_2/cmd_vel (geometry_msgs/msg/Twist) -> /model/rover_2/cmd_vel (gz.msgs.Twist)] (Lazy 0)
[parameter_bridge-12] [INFO] [1787956239.463488380] [rover_2.bridge]: Creating GZ->ROS Bridge: [/model/rover_2/odometry (gz.msgs.Odometry) -> /model/rover_2/odometry (nav_msgs/msg/Odometry)] (Lazy 0)
[parameter_bridge-12] [INFO] [1787956239.466386824] [rover_2.bridge]: Creating GZ->ROS Bridge: [/model/rover_2/scan (gz.msgs.LaserScan) -> /model/rover_2/scan (sensor_msgs/msg/LaserScan)] (Lazy 0)
[create-19] [INFO] [1787956240.273560919] [spawn_rover_3]: Entity creation successful.
[create-3] [INFO] [1787956240.273595176] [spawn_rover_1]: Entity creation successful.
[create-11] [INFO] [1787956240.274732999] [spawn_rover_2]: Entity creation successful.
[INFO] [create-3]: process has finished cleanly [pid 89719]
[INFO] [create-11]: process has finished cleanly [pid 89739]
[INFO] [create-19]: process has finished cleanly [pid 89750]
[gz-1] [1;33mWarning [Utils.cc:132][0m [/sdf/model[@name="rover_3"]/link[@name="lidar_link"]/sensor[@name="lidar"]/gz_frame_id:/tmp/meshbots_rover_3.sdf:L47]: XML Element[gz_frame_id], child of element[sensor], not defined in SDF. Copying[gz_frame_id] as children of [sensor].
[gz-1] [1;33mWarning [Utils.cc:132][0m [/sdf/model[@name="rover_1"]/link[@name="lidar_link"]/sensor[@name="lidar"]/gz_frame_id:/tmp/meshbots_rover_1.sdf:L47]: XML Element[gz_frame_id], child of element[sensor], not defined in SDF. Copying[gz_frame_id] as children of [sensor].
[gz-1] [1;33mWarning [Utils.cc:132][0m [/sdf/model[@name="rover_2"]/link[@name="lidar_link"]/sensor[@name="lidar"]/gz_frame_id:/tmp/meshbots_rover_2.sdf:L47]: XML Element[gz_frame_id], child of element[sensor], not defined in SDF. Copying[gz_frame_id] as children of [sensor].
[gz-1] libEGL warning: pci id for fd 65: 10de:2860, driver (null)
[gz-1] 
[gz-1] pci id for fd 67: 10de:2860, driver (null)
[gz-1] pci id for fd 68: 10de:2860, driver (null)
[gz-1] libEGL warning: egl: failed to create dri2 screen
[gz-1] libEGL warning: pci id for fd 65: 10de:2860, driver (null)
[gz-1] 
[gz-1] pci id for fd 67: 10de:2860, driver (null)
[gz-1] pci id for fd 68: 10de:2860, driver (null)
[gz-1] libEGL warning: egl: failed to create dri2 screen
[gz-1] libEGL warning: pci id for fd 65: 10de:2860, driver (null)
[gz-1] 
[parameter_bridge-20] [INFO] [1787956242.229778067] [rover_3.bridge]: Passing message from ROS geometry_msgs/msg/Twist to Gazebo gz.msgs.Twist (showing msg only once per type)
[parameter_bridge-4] [INFO] [1787956242.229781311] [rover_1.bridge]: Passing message from ROS geometry_msgs/msg/Twist to Gazebo gz.msgs.Twist (showing msg only once per type)
[parameter_bridge-12] [INFO] [1787956243.389194344] [rover_2.bridge]: Passing message from ROS geometry_msgs/msg/Twist to Gazebo gz.msgs.Twist (showing msg only once per type)
[formation_planner-18] [INFO] [1787956254.155742114] [rover_2.formation_planner]: rover_2: SLOT switch (0.0,0.0) -> (1.4,1.4) trP=0.080
[formation_planner-18] [INFO] [1787956255.130586312] [rover_2.formation_planner]: rover_2: SLOT gate -> wedge trP=0.078
[formation_planner-26] [INFO] [1787956257.155911233] [rover_3.formation_planner]: rover_3: SLOT switch (0.0,0.0) -> (1.4,-1.4) trP=0.082
[formation_planner-26] [INFO] [1787956262.135657801] [rover_3.formation_planner]: rover_3: SLOT switch (1.4,-1.4) -> (-0.0,-2.0) trP=0.110
[formation_planner-26] [INFO] [1787956266.135667055] [rover_3.formation_planner]: rover_3: SLOT switch (-0.0,-2.0) -> (1.4,-1.4) trP=0.127
[formation_planner-26] [INFO] [1787956270.134151880] [rover_3.formation_planner]: rover_3: SLOT switch (1.4,-1.4) -> (0.7,-0.7) trP=0.139
[formation_planner-26] [INFO] [1787956274.133823713] [rover_3.formation_planner]: rover_3: SLOT switch (0.7,-0.7) -> (0.0,2.0) trP=0.138
[swarm-8] [INFO] [1787956280.752437833] [rover_1.swarm]: rover_1: docked on pad 0, delivering…
[swarm-8] [INFO] [1787956283.931095128] [rover_1.swarm]: rover_1: DELIVERED target 0
[formation_planner-26] [INFO] [1787956285.135086181] [rover_3.formation_planner]: rover_3: SLOT switch (0.0,2.0) -> (0.7,0.7) trP=0.087
[formation_planner-18] [INFO] [1787956285.136709722] [rover_2.formation_planner]: rover_2: SLOT switch (0.0,0.0) -> (-0.0,-2.0) trP=0.081
[formation_planner-26] [INFO] [1787956286.130119333] [rover_3.formation_planner]: rover_3: SLOT gate -> wedge trP=0.069
[formation_planner-18] [INFO] [1787956287.130381137] [rover_2.formation_planner]: rover_2: SLOT gate -> wedge trP=0.077
[swarm-24] [INFO] [1787956316.348058559] [rover_3.swarm]: rover_3: docked on pad 1, delivering…
[swarm-24] [INFO] [1787956319.530461415] [rover_3.swarm]: rover_3: DELIVERED target 1
[swarm-16] [INFO] [1787956362.951134260] [rover_2.swarm]: rover_2: docked on pad 2, delivering…
[swarm-16] [INFO] [1787956366.132566432] [rover_2.swarm]: rover_2: DELIVERED target 2
