[INFO] [launch]: All log files can be found below /home/mazhar/.ros/log/2026-08-29-00-43-27-845463-mazhar-Predator-PHN16-72-79498
[INFO] [launch]: Default logging verbosity is set to INFO
[INFO] [gz-1]: process started with pid [79501]
[INFO] [parameter_bridge-2]: process started with pid [79502]
[INFO] [create-3]: process started with pid [79503]
[INFO] [parameter_bridge-4]: process started with pid [79504]
[INFO] [mesh_radio-5]: process started with pid [79505]
[INFO] [localizer-6]: process started with pid [79506]
[INFO] [mapper-7]: process started with pid [79507]
[INFO] [swarm-8]: process started with pid [79508]
[INFO] [navigator-9]: process started with pid [79509]
[INFO] [create-10]: process started with pid [79510]
[INFO] [parameter_bridge-11]: process started with pid [79511]
[INFO] [mesh_radio-12]: process started with pid [79512]
[INFO] [localizer-13]: process started with pid [79513]
[INFO] [mapper-14]: process started with pid [79514]
[INFO] [swarm-15]: process started with pid [79515]
[INFO] [navigator-16]: process started with pid [79516]
[INFO] [create-17]: process started with pid [79517]
[INFO] [parameter_bridge-18]: process started with pid [79518]
[INFO] [mesh_radio-19]: process started with pid [79519]
[INFO] [localizer-20]: process started with pid [79520]
[INFO] [mapper-21]: process started with pid [79527]
[INFO] [swarm-22]: process started with pid [79530]
[INFO] [navigator-23]: process started with pid [79531]
[INFO] [radio_channel-24]: process started with pid [79532]
[create-17] [INFO] [1787953408.050186383] [spawn_rover_3]: Requesting list of world names.
[create-10] [INFO] [1787953408.056366127] [spawn_rover_2]: Requesting list of world names.
[create-3] [INFO] [1787953408.056437870] [spawn_rover_1]: Requesting list of world names.
[parameter_bridge-4] [INFO] [1787953408.058758177] [rover_1.bridge]: Creating ROS->GZ Bridge: [/model/rover_1/cmd_vel (geometry_msgs/msg/Twist) -> /model/rover_1/cmd_vel (gz.msgs.Twist)] (Lazy 0)
[parameter_bridge-2] [INFO] [1787953408.061223929] [clock_bridge]: Creating GZ->ROS Bridge: [/clock (gz.msgs.Clock) -> /clock (rosgraph_msgs/msg/Clock)] (Lazy 0)
[parameter_bridge-4] [INFO] [1787953408.063246987] [rover_1.bridge]: Creating GZ->ROS Bridge: [/model/rover_1/odometry (gz.msgs.Odometry) -> /model/rover_1/odometry (nav_msgs/msg/Odometry)] (Lazy 0)
[parameter_bridge-4] [INFO] [1787953408.066456096] [rover_1.bridge]: Creating GZ->ROS Bridge: [/model/rover_1/scan (gz.msgs.LaserScan) -> /model/rover_1/scan (sensor_msgs/msg/LaserScan)] (Lazy 0)
[parameter_bridge-11] [INFO] [1787953408.071443037] [rover_2.bridge]: Creating ROS->GZ Bridge: [/model/rover_2/cmd_vel (geometry_msgs/msg/Twist) -> /model/rover_2/cmd_vel (gz.msgs.Twist)] (Lazy 0)
[parameter_bridge-11] [INFO] [1787953408.075933717] [rover_2.bridge]: Creating GZ->ROS Bridge: [/model/rover_2/odometry (gz.msgs.Odometry) -> /model/rover_2/odometry (nav_msgs/msg/Odometry)] (Lazy 0)
[parameter_bridge-11] [INFO] [1787953408.080063100] [rover_2.bridge]: Creating GZ->ROS Bridge: [/model/rover_2/scan (gz.msgs.LaserScan) -> /model/rover_2/scan (sensor_msgs/msg/LaserScan)] (Lazy 0)
[parameter_bridge-18] [INFO] [1787953408.085271931] [rover_3.bridge]: Creating ROS->GZ Bridge: [/model/rover_3/cmd_vel (geometry_msgs/msg/Twist) -> /model/rover_3/cmd_vel (gz.msgs.Twist)] (Lazy 0)
[parameter_bridge-18] [INFO] [1787953408.090098163] [rover_3.bridge]: Creating GZ->ROS Bridge: [/model/rover_3/odometry (gz.msgs.Odometry) -> /model/rover_3/odometry (nav_msgs/msg/Odometry)] (Lazy 0)
[parameter_bridge-18] [INFO] [1787953408.093915547] [rover_3.bridge]: Creating GZ->ROS Bridge: [/model/rover_3/scan (gz.msgs.LaserScan) -> /model/rover_3/scan (sensor_msgs/msg/LaserScan)] (Lazy 0)
[create-10] [INFO] [1787953408.874516407] [spawn_rover_2]: Entity creation successful.
[create-3] [INFO] [1787953408.874519049] [spawn_rover_1]: Entity creation successful.
[create-17] [INFO] [1787953408.875242025] [spawn_rover_3]: Entity creation successful.
[INFO] [create-3]: process has finished cleanly [pid 79503]
[INFO] [create-17]: process has finished cleanly [pid 79517]
[INFO] [create-10]: process has finished cleanly [pid 79510]
[gz-1] [1;33mWarning [Utils.cc:132][0m [/sdf/model[@name="rover_1"]/link[@name="lidar_link"]/sensor[@name="lidar"]/gz_frame_id:/tmp/meshbots_rover_1.sdf:L47]: XML Element[gz_frame_id], child of element[sensor], not defined in SDF. Copying[gz_frame_id] as children of [sensor].
[gz-1] [1;33mWarning [Utils.cc:132][0m [/sdf/model[@name="rover_2"]/link[@name="lidar_link"]/sensor[@name="lidar"]/gz_frame_id:/tmp/meshbots_rover_2.sdf:L47]: XML Element[gz_frame_id], child of element[sensor], not defined in SDF. Copying[gz_frame_id] as children of [sensor].
[gz-1] [1;33mWarning [Utils.cc:132][0m [/sdf/model[@name="rover_3"]/link[@name="lidar_link"]/sensor[@name="lidar"]/gz_frame_id:/tmp/meshbots_rover_3.sdf:L47]: XML Element[gz_frame_id], child of element[sensor], not defined in SDF. Copying[gz_frame_id] as children of [sensor].
[gz-1] libEGL warning: pci id for fd 65: 10de:2860, driver (null)
[gz-1] 
[gz-1] pci id for fd 67: 10de:2860, driver (null)
[gz-1] pci id for fd 68: 10de:2860, driver (null)
[gz-1] libEGL warning: egl: failed to create dri2 screen
[gz-1] libEGL warning: pci id for fd 65: 10de:2860, driver (null)
[gz-1] 
[gz-1] pci id for fd 67: 10de:2860, driver (null)
[gz-1] pci id for fd 68: 10de:2860, driver (null)
[gz-1] libEGL warning: egl: failed to create dri2 screen
[gz-1] libEGL warning: pci id for fd 65: 10de:2860, driver (null)
[gz-1] 
[parameter_bridge-18] [INFO] [1787953410.863734155] [rover_3.bridge]: Passing message from ROS geometry_msgs/msg/Twist to Gazebo gz.msgs.Twist (showing msg only once per type)
[parameter_bridge-11] [INFO] [1787953410.863847817] [rover_2.bridge]: Passing message from ROS geometry_msgs/msg/Twist to Gazebo gz.msgs.Twist (showing msg only once per type)
[parameter_bridge-4] [INFO] [1787953411.967572947] [rover_1.bridge]: Passing message from ROS geometry_msgs/msg/Twist to Gazebo gz.msgs.Twist (showing msg only once per type)
[swarm-8] [INFO] [1787953450.586062744] [rover_1.swarm]: rover_1: docked on pad 0, delivering…
[swarm-8] [INFO] [1787953453.765048976] [rover_1.swarm]: rover_1: DELIVERED target 0
[swarm-22] [INFO] [1787953486.386001597] [rover_3.swarm]: rover_3: docked on pad 1, delivering…
[swarm-22] [INFO] [1787953489.564728688] [rover_3.swarm]: rover_3: DELIVERED target 1
[swarm-8] [INFO] [1787953528.964549330] [rover_1.swarm]: rover_1: docked on pad 2, delivering…
[swarm-15] [INFO] [1787953539.985019247] [rover_2.swarm]: rover_2: docked on pad 2, delivering…
[swarm-15] [INFO] [1787953543.164363373] [rover_2.swarm]: rover_2: DELIVERED target 2
