[INFO] [launch]: All log files can be found below /home/mazhar/.ros/log/2026-08-29-01-11-46-328066-mazhar-Predator-PHN16-72-85375
[INFO] [launch]: Default logging verbosity is set to INFO
[INFO] [gz-1]: process started with pid [85378]
[INFO] [parameter_bridge-2]: process started with pid [85379]
[INFO] [create-3]: process started with pid [85380]
[INFO] [parameter_bridge-4]: process started with pid [85381]
[INFO] [mesh_radio-5]: process started with pid [85382]
[INFO] [localizer-6]: process started with pid [85383]
[INFO] [mapper-7]: process started with pid [85384]
[INFO] [swarm-8]: process started with pid [85385]
[INFO] [navigator-9]: process started with pid [85386]
[INFO] [create-10]: process started with pid [85387]
[INFO] [parameter_bridge-11]: process started with pid [85388]
[INFO] [mesh_radio-12]: process started with pid [85389]
[INFO] [localizer-13]: process started with pid [85390]
[INFO] [mapper-14]: process started with pid [85391]
[INFO] [swarm-15]: process started with pid [85394]
[INFO] [navigator-16]: process started with pid [85395]
[INFO] [create-17]: process started with pid [85396]
[INFO] [parameter_bridge-18]: process started with pid [85397]
[INFO] [mesh_radio-19]: process started with pid [85398]
[INFO] [localizer-20]: process started with pid [85399]
[INFO] [mapper-21]: process started with pid [85404]
[INFO] [swarm-22]: process started with pid [85409]
[INFO] [navigator-23]: process started with pid [85410]
[INFO] [radio_channel-24]: process started with pid [85411]
[create-10] [INFO] [1787955106.552193264] [spawn_rover_2]: Requesting list of world names.
[create-3] [INFO] [1787955106.552940446] [spawn_rover_1]: Requesting list of world names.
[parameter_bridge-2] [INFO] [1787955106.559542819] [clock_bridge]: Creating GZ->ROS Bridge: [/clock (gz.msgs.Clock) -> /clock (rosgraph_msgs/msg/Clock)] (Lazy 0)
[create-17] [INFO] [1787955106.564979336] [spawn_rover_3]: Requesting list of world names.
[parameter_bridge-11] [INFO] [1787955106.566357821] [rover_2.bridge]: Creating ROS->GZ Bridge: [/model/rover_2/cmd_vel (geometry_msgs/msg/Twist) -> /model/rover_2/cmd_vel (gz.msgs.Twist)] (Lazy 0)
[parameter_bridge-18] [INFO] [1787955106.566937204] [rover_3.bridge]: Creating ROS->GZ Bridge: [/model/rover_3/cmd_vel (geometry_msgs/msg/Twist) -> /model/rover_3/cmd_vel (gz.msgs.Twist)] (Lazy 0)
[parameter_bridge-4] [INFO] [1787955106.568495266] [rover_1.bridge]: Creating ROS->GZ Bridge: [/model/rover_1/cmd_vel (geometry_msgs/msg/Twist) -> /model/rover_1/cmd_vel (gz.msgs.Twist)] (Lazy 0)
[parameter_bridge-11] [INFO] [1787955106.570453514] [rover_2.bridge]: Creating GZ->ROS Bridge: [/model/rover_2/odometry (gz.msgs.Odometry) -> /model/rover_2/odometry (nav_msgs/msg/Odometry)] (Lazy 0)
[parameter_bridge-18] [INFO] [1787955106.571111658] [rover_3.bridge]: Creating GZ->ROS Bridge: [/model/rover_3/odometry (gz.msgs.Odometry) -> /model/rover_3/odometry (nav_msgs/msg/Odometry)] (Lazy 0)
[parameter_bridge-4] [INFO] [1787955106.573722211] [rover_1.bridge]: Creating GZ->ROS Bridge: [/model/rover_1/odometry (gz.msgs.Odometry) -> /model/rover_1/odometry (nav_msgs/msg/Odometry)] (Lazy 0)
[parameter_bridge-11] [INFO] [1787955106.574360758] [rover_2.bridge]: Creating GZ->ROS Bridge: [/model/rover_2/scan (gz.msgs.LaserScan) -> /model/rover_2/scan (sensor_msgs/msg/LaserScan)] (Lazy 0)
[parameter_bridge-18] [INFO] [1787955106.575349221] [rover_3.bridge]: Creating GZ->ROS Bridge: [/model/rover_3/scan (gz.msgs.LaserScan) -> /model/rover_3/scan (sensor_msgs/msg/LaserScan)] (Lazy 0)
[parameter_bridge-4] [INFO] [1787955106.579372157] [rover_1.bridge]: Creating GZ->ROS Bridge: [/model/rover_1/scan (gz.msgs.LaserScan) -> /model/rover_1/scan (sensor_msgs/msg/LaserScan)] (Lazy 0)
[create-17] [INFO] [1787955107.435693290] [spawn_rover_3]: Entity creation successful.
[create-10] [INFO] [1787955107.435715156] [spawn_rover_2]: Entity creation successful.
[create-3] [INFO] [1787955107.436592349] [spawn_rover_1]: Entity creation successful.
[INFO] [create-10]: process has finished cleanly [pid 85387]
[INFO] [create-17]: process has finished cleanly [pid 85396]
[INFO] [create-3]: process has finished cleanly [pid 85380]
[gz-1] [1;33mWarning [Utils.cc:132][0m [/sdf/model[@name="rover_3"]/link[@name="lidar_link"]/sensor[@name="lidar"]/gz_frame_id:/tmp/meshbots_rover_3.sdf:L47]: XML Element[gz_frame_id], child of element[sensor], not defined in SDF. Copying[gz_frame_id] as children of [sensor].
[gz-1] [1;33mWarning [Utils.cc:132][0m [/sdf/model[@name="rover_2"]/link[@name="lidar_link"]/sensor[@name="lidar"]/gz_frame_id:/tmp/meshbots_rover_2.sdf:L47]: XML Element[gz_frame_id], child of element[sensor], not defined in SDF. Copying[gz_frame_id] as children of [sensor].
[gz-1] [1;33mWarning [Utils.cc:132][0m [/sdf/model[@name="rover_1"]/link[@name="lidar_link"]/sensor[@name="lidar"]/gz_frame_id:/tmp/meshbots_rover_1.sdf:L47]: XML Element[gz_frame_id], child of element[sensor], not defined in SDF. Copying[gz_frame_id] as children of [sensor].
[gz-1] libEGL warning: pci id for fd 65: 10de:2860, driver (null)
[gz-1] 
[gz-1] pci id for fd 67: 10de:2860, driver (null)
[gz-1] pci id for fd 68: 10de:2860, driver (null)
[gz-1] libEGL warning: egl: failed to create dri2 screen
[gz-1] libEGL warning: pci id for fd 65: 10de:2860, driver (null)
[gz-1] 
[gz-1] pci id for fd 67: 10de:2860, driver (null)
[gz-1] pci id for fd 68: 10de:2860, driver (null)
[gz-1] libEGL warning: egl: failed to create dri2 screen
[gz-1] libEGL warning: pci id for fd 65: 10de:2860, driver (null)
[gz-1] 
[parameter_bridge-11] [INFO] [1787955109.459282036] [rover_2.bridge]: Passing message from ROS geometry_msgs/msg/Twist to Gazebo gz.msgs.Twist (showing msg only once per type)
[parameter_bridge-18] [INFO] [1787955110.477371958] [rover_3.bridge]: Passing message from ROS geometry_msgs/msg/Twist to Gazebo gz.msgs.Twist (showing msg only once per type)
[parameter_bridge-4] [INFO] [1787955110.479866900] [rover_1.bridge]: Passing message from ROS geometry_msgs/msg/Twist to Gazebo gz.msgs.Twist (showing msg only once per type)
[swarm-8] [INFO] [1787955149.383572467] [rover_1.swarm]: rover_1: docked on pad 0, delivering…
[swarm-8] [INFO] [1787955152.559711193] [rover_1.swarm]: rover_1: DELIVERED target 0
[swarm-22] [INFO] [1787955186.575354236] [rover_3.swarm]: rover_3: docked on pad 1, delivering…
[swarm-22] [INFO] [1787955189.759494441] [rover_3.swarm]: rover_3: DELIVERED target 1
[swarm-15] [INFO] [1787955235.583074579] [rover_2.swarm]: rover_2: docked on pad 2, delivering…
[swarm-15] [INFO] [1787955238.559855707] [rover_2.swarm]: rover_2: DELIVERED target 2
